<key, "symbol">
<key, "k">
"keyed-symbol"
"symbol"
"keyed-literal"
"literal"
