ERROR ../tests/cogm/errors/05-invalid-dot.cogm:1:5: CM_TOKEN_TYPE_QUOTED(fail): Expected word or in after CM_TOKEN_TYPE_DOT