ERROR ../tests/cogm/errors/07-expected-expression.cogm:1:9: CM_TOKEN_TYPE_COLON: Expected expression