ERROR ../tests/cogm/errors/14-redefined-op.cogm:2:1: CM_TOKEN_TYPE_WORD(O): Op redefined