ERROR ../tests/cogm/errors/19-invalid-increment-args.cogm:1:6: CM_TOKEN_TYPE_COMMA: Expected CM_TOKEN_TYPE_PAREN_OUT